[wpthemebooster.com/demo/themeforest/html/kleon/index.html]
[wpthemebooster.com/demo/themeforest/html/kleon/assets/img/favicon.png]
[backblue.gif]
[fade.gif]
[index.html]
[wpthemebooster.com/demo/themeforest/html/kleon/assets/img/nav_author.jpg]
[wpthemebooster.com/demo/themeforest/html/kleon/profile.html]
[wpthemebooster.com/demo/themeforest/html/kleon/email.html]
[wpthemebooster.com/demo/themeforest/html/kleon/login.html]
[wpthemebooster.com/demo/themeforest/html/kleon/index-hr.html]
[wpthemebooster.com/demo/themeforest/html/kleon/index-job-hiring.html]
[wpthemebooster.com/demo/themeforest/html/kleon/index-project.html]
[wpthemebooster.com/demo/themeforest/html/kleon/index-project-2.html]
[wpthemebooster.com/demo/themeforest/html/kleon/index-general.html]
[wpthemebooster.com/demo/themeforest/html/kleon/employees.html]
[wpthemebooster.com/demo/themeforest/html/kleon/recruitment.html]
[wpthemebooster.com/demo/themeforest/html/kleon/jobs.html]
[wpthemebooster.com/demo/themeforest/html/kleon/candidates.html]
[wpthemebooster.com/demo/themeforest/html/kleon/candidate.html]
[wpthemebooster.com/demo/themeforest/html/kleon/attendances.html]
[wpthemebooster.com/demo/themeforest/html/kleon/leaves.html]
[wpthemebooster.com/demo/themeforest/html/kleon/documents.html]
[wpthemebooster.com/demo/themeforest/html/kleon/jobs-hiring.html]
[wpthemebooster.com/demo/themeforest/html/kleon/candidates-grid-hiring.html]
[wpthemebooster.com/demo/themeforest/html/kleon/candidates-list-hiring.html]
[wpthemebooster.com/demo/themeforest/html/kleon/candidates-qualified-hiring.html]
[wpthemebooster.com/demo/themeforest/html/kleon/candidate-hiring.html]
[wpthemebooster.com/demo/themeforest/html/kleon/statistics-hiring.html]
[wpthemebooster.com/demo/themeforest/html/kleon/company-hiring.html]
[wpthemebooster.com/demo/themeforest/html/kleon/documents-hiring.html]
[wpthemebooster.com/demo/themeforest/html/kleon/contacts.html]
[wpthemebooster.com/demo/themeforest/html/kleon/projects.html]
[wpthemebooster.com/demo/themeforest/html/kleon/project-details.html]
[wpthemebooster.com/demo/themeforest/html/kleon/files.html]
[wpthemebooster.com/demo/themeforest/html/kleon/contacts-2.html]
[wpthemebooster.com/demo/themeforest/html/kleon/contact-new.html]
[wpthemebooster.com/demo/themeforest/html/kleon/profile-2.html]
[wpthemebooster.com/demo/themeforest/html/kleon/preferences.html]
[wpthemebooster.com/demo/themeforest/html/kleon/calendar.html]
[wpthemebooster.com/demo/themeforest/html/kleon/email-compose.html]
[wpthemebooster.com/demo/themeforest/html/kleon/email-details.html]
[wpthemebooster.com/demo/themeforest/html/kleon/inbox.html]
[wpthemebooster.com/demo/themeforest/html/kleon/chat.html]
[wpthemebooster.com/demo/themeforest/html/kleon/chat-2.html]
[wpthemebooster.com/demo/themeforest/html/kleon/invoices.html]
[wpthemebooster.com/demo/themeforest/html/kleon/invoice.html]
[wpthemebooster.com/demo/themeforest/html/kleon/invoice-new.html]
[wpthemebooster.com/demo/themeforest/html/kleon/task.html]
[wpthemebooster.com/demo/themeforest/html/kleon/task-2.html]
[wpthemebooster.com/demo/themeforest/html/kleon/task-jkanban.html]
[wpthemebooster.com/demo/themeforest/html/kleon/accordion.html]
[wpthemebooster.com/demo/themeforest/html/kleon/alerts.html]
[wpthemebooster.com/demo/themeforest/html/kleon/avatar.html]
[wpthemebooster.com/demo/themeforest/html/kleon/badge.html]
[wpthemebooster.com/demo/themeforest/html/kleon/breadcrumb.html]
[wpthemebooster.com/demo/themeforest/html/kleon/collapse.html]
[wpthemebooster.com/demo/themeforest/html/kleon/dropdowns.html]
[wpthemebooster.com/demo/themeforest/html/kleon/list-group.html]
[wpthemebooster.com/demo/themeforest/html/kleon/modals.html]
[wpthemebooster.com/demo/themeforest/html/kleon/offcanvas.html]
[wpthemebooster.com/demo/themeforest/html/kleon/tabs.html]
[wpthemebooster.com/demo/themeforest/html/kleon/pagination.html]
[wpthemebooster.com/demo/themeforest/html/kleon/placeholders.html]
[wpthemebooster.com/demo/themeforest/html/kleon/popovers.html]
[wpthemebooster.com/demo/themeforest/html/kleon/progressbar.html]
[wpthemebooster.com/demo/themeforest/html/kleon/spinners.html]
[wpthemebooster.com/demo/themeforest/html/kleon/toasts.html]
[wpthemebooster.com/demo/themeforest/html/kleon/tooltips.html]
[wpthemebooster.com/demo/themeforest/html/kleon/cards-basic.html]
[wpthemebooster.com/demo/themeforest/html/kleon/cards.html]
[wpthemebooster.com/demo/themeforest/html/kleon/buttons.html]
[wpthemebooster.com/demo/themeforest/html/kleon/video-buttons.html]
[wpthemebooster.com/demo/themeforest/html/kleon/form-basic.html]
[wpthemebooster.com/demo/themeforest/html/kleon/form-inputs.html]
[wpthemebooster.com/demo/themeforest/html/kleon/form-input-groups.html]
[wpthemebooster.com/demo/themeforest/html/kleon/form-horizontal.html]
[wpthemebooster.com/demo/themeforest/html/kleon/form-vertical.html]
[wpthemebooster.com/demo/themeforest/html/kleon/form-wizard.html]
[wpthemebooster.com/demo/themeforest/html/kleon/form-validation-bootstrap.html]
[wpthemebooster.com/demo/themeforest/html/kleon/form-validation-custom.html]
[wpthemebooster.com/demo/themeforest/html/kleon/typography.html]
[wpthemebooster.com/demo/themeforest/html/kleon/tables-bootstrap-basic.html]
[wpthemebooster.com/demo/themeforest/html/kleon/tables-bootstrap.html]
[wpthemebooster.com/demo/themeforest/html/kleon/tables-datatables.html]
[wpthemebooster.com/demo/themeforest/html/kleon/form-dropzone.html]
[wpthemebooster.com/demo/themeforest/html/kleon/form-repeater.html]
[wpthemebooster.com/demo/themeforest/html/kleon/form-select2.html]
[wpthemebooster.com/demo/themeforest/html/kleon/sweetalert.html]
[wpthemebooster.com/demo/themeforest/html/kleon/toastr.html]
[wpthemebooster.com/demo/themeforest/html/kleon/403.html]
[wpthemebooster.com/demo/themeforest/html/kleon/404.html]
[wpthemebooster.com/demo/themeforest/html/kleon/500.html]
[wpthemebooster.com/demo/themeforest/html/kleon/login-2.html]
[wpthemebooster.com/demo/themeforest/html/kleon/register.html]
[wpthemebooster.com/demo/themeforest/html/kleon/register-2.html]
[wpthemebooster.com/demo/themeforest/html/kleon/reset-password.html]
[wpthemebooster.com/demo/themeforest/html/kleon/reset-password-2.html]
[wpthemebooster.com/demo/themeforest/html/kleon/forgot-password.html]
[wpthemebooster.com/demo/themeforest/html/kleon/forgot-password-2.html]
[wpthemebooster.com/demo/themeforest/html/kleon/two-step-varification.html]
[wpthemebooster.com/demo/themeforest/html/kleon/two-step-varification-2.html]
[wpthemebooster.com/demo/themeforest/html/kleon/apexchart-line.html]
[wpthemebooster.com/demo/themeforest/html/kleon/apexchart-bar.html]
[wpthemebooster.com/demo/themeforest/html/kleon/apexchart-column.html]
[wpthemebooster.com/demo/themeforest/html/kleon/apexchart-area.html]
[wpthemebooster.com/demo/themeforest/html/kleon/apexchart-pie.html]
[wpthemebooster.com/demo/themeforest/html/kleon/apexchart-radial.html]
[wpthemebooster.com/demo/themeforest/html/kleon/assets/img/2.jpg]
[wpthemebooster.com/demo/themeforest/html/kleon/assets/img/4.jpg]
[wpthemebooster.com/demo/themeforest/html/kleon/assets/img/6.jpg]
[wpthemebooster.com/demo/themeforest/html/kleon/tables-flex-basic.html]
[wpthemebooster.com/demo/themeforest/html/kleon/tables-flex-customized.html]
[wpthemebooster.com/demo/themeforest/html/kleon/widget-apps.html]
[wpthemebooster.com/demo/themeforest/html/kleon/widget-charts.html]
[wpthemebooster.com/demo/themeforest/html/kleon/widget-cards.html]
[wpthemebooster.com/demo/themeforest/html/kleon/widget-listing.html]
[wpthemebooster.com/demo/themeforest/html/kleon/assets/img/customizer/vertical-light.png]
[wpthemebooster.com/demo/themeforest/html/kleon/assets/img/customizer/vertical-dark.png]
[wpthemebooster.com/demo/themeforest/html/kleon/assets/img/customizer/horizontal-light.png]
[wpthemebooster.com/demo/themeforest/html/kleon/assets/img/customizer/horizontal-dark.png]
[wpthemebooster.com/demo/themeforest/html/kleon/assets/img/customizer/combo-light.png]
[wpthemebooster.com/demo/themeforest/html/kleon/assets/img/customizer/combo-dark.png]
[wpthemebooster.com/demo/themeforest/html/kleon/index-horizontal.html]
[wpthemebooster.com/demo/themeforest/html/kleon/index-combo.html]
[wpthemebooster.com/demo/themeforest/html/kleon/assets/img/kleon-invoice.pdf]
[wpthemebooster.com/demo/themeforest/html/kleon/assets/img/clients/1.jpg]
[wpthemebooster.com/demo/themeforest/html/kleon/assets/img/clients/2.jpg]
[wpthemebooster.com/demo/themeforest/html/kleon/assets/img/clients/3.jpg]
[wpthemebooster.com/demo/themeforest/html/kleon/assets/img/clients/4.jpg]
[wpthemebooster.com/demo/themeforest/html/kleon/assets/img/clients/5.jpg]
[wpthemebooster.com/demo/themeforest/html/kleon/assets/js/jquery-3.6.0.min.js]
[wpthemebooster.com/demo/themeforest/html/kleon/assets/js/bootstrap.bundle.min.js]
[wpthemebooster.com/demo/themeforest/html/kleon/plugins/jquery_ui/jquery-ui.1.12.1.min.js]
[wpthemebooster.com/demo/themeforest/html/kleon/plugins/apexchart/apexcharts.min.js]
[wpthemebooster.com/demo/themeforest/html/kleon/plugins/apexchart/apexchart-inits/apexcharts-analytics-2.js]
[wpthemebooster.com/demo/themeforest/html/kleon/plugins/peity/jquery.peity.min.js]
[wpthemebooster.com/demo/themeforest/html/kleon/plugins/peity/piety-init.js]
[wpthemebooster.com/demo/themeforest/html/kleon/plugins/select2/js/select2.min.js]
[wpthemebooster.com/demo/themeforest/html/kleon/plugins/datatables/js/jquery.dataTables.min.js]
[wpthemebooster.com/demo/themeforest/html/kleon/plugins/datatables/js/datatables.init.js]
[wpthemebooster.com/demo/themeforest/html/kleon/plugins/flatpickr/flatpickr.min.js]
[wpthemebooster.com/demo/themeforest/html/kleon/plugins/dropzone/dropzone.min.js]
[wpthemebooster.com/demo/themeforest/html/kleon/plugins/dropzone/dropzone_custom.js]
[wpthemebooster.com/demo/themeforest/html/kleon/plugins/tinymce/tinymce.min.js]
[wpthemebooster.com/demo/themeforest/html/kleon/plugins/prism/prism.js]
[wpthemebooster.com/demo/themeforest/html/kleon/plugins/jquery-repeater/jquery.repeater.js]
[wpthemebooster.com/demo/themeforest/html/kleon/plugins/sweetalert/sweetalert2.min.js]
[wpthemebooster.com/demo/themeforest/html/kleon/plugins/sweetalert/sweetalert2-init.js]
[wpthemebooster.com/demo/themeforest/html/kleon/plugins/nicescroll/jquery.nicescroll.min.js]
[wpthemebooster.com/demo/themeforest/html/kleon/assets/js/snippets.js]
[wpthemebooster.com/demo/themeforest/html/kleon/assets/js/theme.js]
[wpthemebooster.com/demo/themeforest/html/kleon/index.html]
[wpthemebooster.com/demo/themeforest/html/kleon/assets/img/apple-touch-icon.html]
[wpthemebooster.com/demo/themeforest/html/kleon/assets/img/apple-touch-icon-72x72.html]
[wpthemebooster.com/demo/themeforest/html/kleon/assets/img/apple-touch-icon-114x114.html]
[wpthemebooster.com/demo/themeforest/html/kleon/assets/img/apple-touch-icon-144x144.html]
[wpthemebooster.com/demo/themeforest/html/kleon/assets/css/main.css]
[wpthemebooster.com/demo/themeforest/html/kleon/assets/img/logo-icon.svg]
[wpthemebooster.com/demo/themeforest/html/kleon/assets/img/svg/search.svg]
[wpthemebooster.com/demo/themeforest/html/kleon/assets/img/sun.svg]
[wpthemebooster.com/demo/themeforest/html/kleon/assets/img/moon.svg]
[wpthemebooster.com/demo/themeforest/html/kleon/assets/img/svg/bell.svg]
[wpthemebooster.com/demo/themeforest/html/kleon/assets/img/svg/settings.svg]
[wpthemebooster.com/demo/themeforest/html/kleon/plugins/apexchart/apexchart-inits/apexcharts-profile.js]
[wpthemebooster.com/demo/themeforest/html/kleon/profile.html]
[wpthemebooster.com/demo/themeforest/html/kleon/assets/img/8.jpg]
[wpthemebooster.com/demo/themeforest/html/kleon/assets/img/1.jpg]
[wpthemebooster.com/demo/themeforest/html/kleon/assets/img/3.jpg]
[wpthemebooster.com/demo/themeforest/html/kleon/assets/img/5.jpg]
[wpthemebooster.com/demo/themeforest/html/kleon/assets/img/13.jpg]
[wpthemebooster.com/demo/themeforest/html/kleon/assets/img/9.jpg]
[wpthemebooster.com/demo/themeforest/html/kleon/assets/img/7.jpg]
[wpthemebooster.com/demo/themeforest/html/kleon/assets/img/10.jpg]
[wpthemebooster.com/demo/themeforest/html/kleon/assets/img/12.jpg]
[wpthemebooster.com/demo/themeforest/html/kleon/email.html]
[wpthemebooster.com/demo/themeforest/html/kleon/login.html]
[wpthemebooster.com/demo/themeforest/html/kleon/assets/img/logo-text.svg]
[wpthemebooster.com/demo/themeforest/html/kleon/assets/img/logo-text-white.svg]
[wpthemebooster.com/demo/themeforest/html/kleon/assets/img/11.jpg]
[wpthemebooster.com/demo/themeforest/html/kleon/assets/img/14.jpg]
[wpthemebooster.com/demo/themeforest/html/kleon/assets/img/15.jpg]
[wpthemebooster.com/demo/themeforest/html/kleon/plugins/apexchart/apexchart-inits/apexcharts-hr.js]
[wpthemebooster.com/demo/themeforest/html/kleon/index-hr.html]
[wpthemebooster.com/demo/themeforest/html/kleon/plugins/apexchart/apexchart-inits/apexcharts-hiring.js]
[wpthemebooster.com/demo/themeforest/html/kleon/index-job-hiring.html]
[wpthemebooster.com/demo/themeforest/html/kleon/plugins/apexchart/apexchart-inits/apexcharts-project.js]
[wpthemebooster.com/demo/themeforest/html/kleon/index-project.html]
[wpthemebooster.com/demo/themeforest/html/kleon/assets/img/clients/10.jpg]
[wpthemebooster.com/demo/themeforest/html/kleon/assets/img/clients/14.jpg]
[wpthemebooster.com/demo/themeforest/html/kleon/assets/img/clients/7.jpg]
[wpthemebooster.com/demo/themeforest/html/kleon/assets/img/clients/6.jpg]
[wpthemebooster.com/demo/themeforest/html/kleon/assets/img/clients/8.jpg]
[wpthemebooster.com/demo/themeforest/html/kleon/plugins/apexchart/apexchart-inits/apexcharts-analytics.js]
[wpthemebooster.com/demo/themeforest/html/kleon/plugins/jquery-jvectormap/jquery-jvectormap-2.0.5.min.js]
[wpthemebooster.com/demo/themeforest/html/kleon/plugins/jquery-jvectormap/jquery-jvectormap-world-mill-en.js]
[wpthemebooster.com/demo/themeforest/html/kleon/plugins/jquery-jvectormap/jquery-jvectormap-init.js]
[wpthemebooster.com/demo/themeforest/html/kleon/index-project-2.html]
[wpthemebooster.com/demo/themeforest/html/kleon/assets/img/mail-notification.png]
[wpthemebooster.com/demo/themeforest/html/kleon/assets/img/envelope-shadow.png]
[wpthemebooster.com/demo/themeforest/html/kleon/plugins/apexchart/apexchart-inits/apexcharts-general.js]
[wpthemebooster.com/demo/themeforest/html/kleon/index-general.html]
[wpthemebooster.com/demo/themeforest/html/kleon/employees.html]
[wpthemebooster.com/demo/themeforest/html/kleon/assets/img/handshake.png]
[wpthemebooster.com/demo/themeforest/html/kleon/assets/img/users.png]
[wpthemebooster.com/demo/themeforest/html/kleon/plugins/apexchart/apexchart-inits/apexcharts-recruitment.js]
[wpthemebooster.com/demo/themeforest/html/kleon/recruitment.html]
[wpthemebooster.com/demo/themeforest/html/kleon/jobs.html]
[wpthemebooster.com/demo/themeforest/html/kleon/candidates.html]
[wpthemebooster.com/demo/themeforest/html/kleon/assets/img/cover-photo.jpg]
[wpthemebooster.com/demo/themeforest/html/kleon/candidate.html]
[wpthemebooster.com/demo/themeforest/html/kleon/plugins/apexchart/apexchart-inits/apexcharts-attendances.js]
[wpthemebooster.com/demo/themeforest/html/kleon/attendances.html]
[wpthemebooster.com/demo/themeforest/html/kleon/plugins/apexchart/apexchart-inits/apexcharts-leaves.js]
[wpthemebooster.com/demo/themeforest/html/kleon/leaves.html]
[wpthemebooster.com/demo/themeforest/html/kleon/assets/img/folder.png]
[wpthemebooster.com/demo/themeforest/html/kleon/documents.html]
[wpthemebooster.com/demo/themeforest/html/kleon/jobs-hiring.html]
[wpthemebooster.com/demo/themeforest/html/kleon/candidates-grid-hiring.html]
[wpthemebooster.com/demo/themeforest/html/kleon/candidates-list-hiring.html]
[wpthemebooster.com/demo/themeforest/html/kleon/candidates-qualified-hiring.html]
[wpthemebooster.com/demo/themeforest/html/kleon/candidate-hiring.html]
[wpthemebooster.com/demo/themeforest/html/kleon/plugins/apexchart/apexchart-inits/apexcharts-statistics-hiring.js]
[wpthemebooster.com/demo/themeforest/html/kleon/statistics-hiring.html]
[wpthemebooster.com/demo/themeforest/html/kleon/assets/img/company.jpg]
[wpthemebooster.com/demo/themeforest/html/kleon/plugins/apexchart/apexchart-inits/apexcharts-company-hiring.js]
[wpthemebooster.com/demo/themeforest/html/kleon/company-hiring.html]
[wpthemebooster.com/demo/themeforest/html/kleon/documents-hiring.html]
[wpthemebooster.com/demo/themeforest/html/kleon/contacts.html]
[wpthemebooster.com/demo/themeforest/html/kleon/plugins/apexchart/apexchart-inits/apexcharts-projects.js]
[wpthemebooster.com/demo/themeforest/html/kleon/projects.html]
[wpthemebooster.com/demo/themeforest/html/kleon/project-details.html]
[wpthemebooster.com/demo/themeforest/html/kleon/plugins/apexchart/apexchart-inits/apexcharts-files.js]
[wpthemebooster.com/demo/themeforest/html/kleon/files.html]
[wpthemebooster.com/demo/themeforest/html/kleon/contacts-2.html]
[wpthemebooster.com/demo/themeforest/html/kleon/assets/img/clients/11.jpg]
[wpthemebooster.com/demo/themeforest/html/kleon/assets/img/clients/12.jpg]
[wpthemebooster.com/demo/themeforest/html/kleon/assets/img/clients/13.jpg]
[wpthemebooster.com/demo/themeforest/html/kleon/contact-new.html]
[wpthemebooster.com/demo/themeforest/html/kleon/profile-2.html]
[wpthemebooster.com/demo/themeforest/html/kleon/preferences.html]
[wpthemebooster.com/demo/themeforest/html/kleon/assets/img/calendar-icon.png]
[wpthemebooster.com/demo/themeforest/html/kleon/plugins/fullcalendar/fullcalendar.js]
[wpthemebooster.com/demo/themeforest/html/kleon/plugins/fullcalendar/fullcalendar-init.js]
[wpthemebooster.com/demo/themeforest/html/kleon/plugins/fullcalendar/moment.js]
[wpthemebooster.com/demo/themeforest/html/kleon/calendar.html]
[wpthemebooster.com/demo/themeforest/html/kleon/email-compose.html]
[wpthemebooster.com/demo/themeforest/html/kleon/assets/img/presentation.png]
[wpthemebooster.com/demo/themeforest/html/kleon/assets/img/voice.png]
[wpthemebooster.com/demo/themeforest/html/kleon/assets/img/film.png]
[wpthemebooster.com/demo/themeforest/html/kleon/email-details.html]
[wpthemebooster.com/demo/themeforest/html/kleon/assets/img/16.jpg]
[wpthemebooster.com/demo/themeforest/html/kleon/inbox.html]
[wpthemebooster.com/demo/themeforest/html/kleon/chat.html]
[wpthemebooster.com/demo/themeforest/html/kleon/chat-2.html]
[wpthemebooster.com/demo/themeforest/html/kleon/invoices.html]
[wpthemebooster.com/demo/themeforest/html/kleon/invoice.html]
[wpthemebooster.com/demo/themeforest/html/kleon/invoice-new.html]
[wpthemebooster.com/demo/themeforest/html/kleon/assets/img/attach1.jpg]
[wpthemebooster.com/demo/themeforest/html/kleon/assets/img/attach2.jpg]
[wpthemebooster.com/demo/themeforest/html/kleon/assets/img/attach3.jpg]
[wpthemebooster.com/demo/themeforest/html/kleon/plugins/dragula/dragula.min.js]
[wpthemebooster.com/demo/themeforest/html/kleon/plugins/dragula/dragula-init.min.js]
[wpthemebooster.com/demo/themeforest/html/kleon/task.html]
[wpthemebooster.com/demo/themeforest/html/kleon/task-2.html]
[wpthemebooster.com/demo/themeforest/html/kleon/plugins/kanban/jkanban.js]
[wpthemebooster.com/demo/themeforest/html/kleon/plugins/kanban/jkanban-init.js]
[wpthemebooster.com/demo/themeforest/html/kleon/task-jkanban.html]
[wpthemebooster.com/demo/themeforest/html/kleon/plugins/jquery-validation/jquery.validate.min.js]
[wpthemebooster.com/demo/themeforest/html/kleon/accordion.html]
[wpthemebooster.com/demo/themeforest/html/kleon/alerts.html]
[wpthemebooster.com/demo/themeforest/html/kleon/avatar.html]
[wpthemebooster.com/demo/themeforest/html/kleon/badge.html]
[wpthemebooster.com/demo/themeforest/html/kleon/breadcrumb.html]
[wpthemebooster.com/demo/themeforest/html/kleon/collapse.html]
[wpthemebooster.com/demo/themeforest/html/kleon/dropdowns.html]
[wpthemebooster.com/demo/themeforest/html/kleon/list-group.html]
[wpthemebooster.com/demo/themeforest/html/kleon/modals.html]
[wpthemebooster.com/demo/themeforest/html/kleon/offcanvas.html]
[wpthemebooster.com/demo/themeforest/html/kleon/tabs.html]
[wpthemebooster.com/demo/themeforest/html/kleon/pagination.html]
[placehold.jp/300x300.png]
[wpthemebooster.com/demo/themeforest/html/kleon/placeholders.html]
[wpthemebooster.com/demo/themeforest/html/kleon/popovers.html]
[wpthemebooster.com/demo/themeforest/html/kleon/progressbar.html]
[wpthemebooster.com/demo/themeforest/html/kleon/spinners.html]
[wpthemebooster.com/demo/themeforest/html/kleon/toasts.html]
[wpthemebooster.com/demo/themeforest/html/kleon/tooltips.html]
[wpthemebooster.com/demo/themeforest/html/kleon/cards-basic.html]
[wpthemebooster.com/demo/themeforest/html/kleon/cards.html]
[wpthemebooster.com/demo/themeforest/html/kleon/assets/img/app-store.png]
[wpthemebooster.com/demo/themeforest/html/kleon/assets/img/play-store.png]
[wpthemebooster.com/demo/themeforest/html/kleon/assets/img/app-store-sm.png]
[wpthemebooster.com/demo/themeforest/html/kleon/assets/img/play-store-sm.png]
[wpthemebooster.com/demo/themeforest/html/kleon/buttons.html]
[wpthemebooster.com/demo/themeforest/html/kleon/assets/img/video-bg.png]
[wpthemebooster.com/demo/themeforest/html/kleon/video-buttons.html]
[wpthemebooster.com/demo/themeforest/html/kleon/form-basic.html]
[wpthemebooster.com/demo/themeforest/html/kleon/form-inputs.html]
[wpthemebooster.com/demo/themeforest/html/kleon/form-input-groups.html]
[wpthemebooster.com/demo/themeforest/html/kleon/form-horizontal.html]
[wpthemebooster.com/demo/themeforest/html/kleon/form-vertical.html]
[wpthemebooster.com/demo/themeforest/html/kleon/form-wizard.html]
[wpthemebooster.com/demo/themeforest/html/kleon/form-validation-bootstrap.html]
[wpthemebooster.com/demo/themeforest/html/kleon/form-validation-custom.html]
[wpthemebooster.com/demo/themeforest/html/kleon/typography.html]
[wpthemebooster.com/demo/themeforest/html/kleon/tables-bootstrap-basic.html]
[wpthemebooster.com/demo/themeforest/html/kleon/tables-bootstrap.html]
[wpthemebooster.com/demo/themeforest/html/kleon/tables-datatables.html]
[wpthemebooster.com/demo/themeforest/html/kleon/form-dropzone.html]
[wpthemebooster.com/demo/themeforest/html/kleon/form-repeater.html]
[wpthemebooster.com/demo/themeforest/html/kleon/form-select2.html]
[wpthemebooster.com/demo/themeforest/html/kleon/sweetalert.html]
[wpthemebooster.com/demo/themeforest/html/kleon/plugins/toastr/toastr.min.js]
[wpthemebooster.com/demo/themeforest/html/kleon/plugins/toastr/toastr-init.js]
[wpthemebooster.com/demo/themeforest/html/kleon/toastr.html]
[wpthemebooster.com/demo/themeforest/html/kleon/403.html]
[wpthemebooster.com/demo/themeforest/html/kleon/404.html]
[wpthemebooster.com/demo/themeforest/html/kleon/500.html]
[wpthemebooster.com/demo/themeforest/html/kleon/login-2.html]
[wpthemebooster.com/demo/themeforest/html/kleon/register.html]
[wpthemebooster.com/demo/themeforest/html/kleon/register-2.html]
[wpthemebooster.com/demo/themeforest/html/kleon/reset-password.html]
[wpthemebooster.com/demo/themeforest/html/kleon/reset-password-2.html]
[wpthemebooster.com/demo/themeforest/html/kleon/forgot-password.html]
[wpthemebooster.com/demo/themeforest/html/kleon/forgot-password-2.html]
[wpthemebooster.com/demo/themeforest/html/kleon/two-step-varification.html]
[wpthemebooster.com/demo/themeforest/html/kleon/two-step-varification-2.html]
[wpthemebooster.com/demo/themeforest/html/kleon/plugins/apexchart/apexchart-demo/apexline-init.js]
[wpthemebooster.com/demo/themeforest/html/kleon/apexchart-line.html]
[wpthemebooster.com/demo/themeforest/html/kleon/plugins/apexchart/apexchart-demo/apexbar-init.js]
[wpthemebooster.com/demo/themeforest/html/kleon/apexchart-bar.html]
[wpthemebooster.com/demo/themeforest/html/kleon/plugins/apexchart/apexchart-demo/apexcolumn-init.js]
[wpthemebooster.com/demo/themeforest/html/kleon/apexchart-column.html]
[wpthemebooster.com/demo/themeforest/html/kleon/plugins/apexchart/apexchart-demo/apexarea-init.js]
[wpthemebooster.com/demo/themeforest/html/kleon/apexchart-area.html]
[wpthemebooster.com/demo/themeforest/html/kleon/plugins/apexchart/apexchart-demo/apexpie-init.js]
[wpthemebooster.com/demo/themeforest/html/kleon/apexchart-pie.html]
[wpthemebooster.com/demo/themeforest/html/kleon/plugins/apexchart/apexchart-demo/apexradial-init.js]
[wpthemebooster.com/demo/themeforest/html/kleon/apexchart-radial.html]
[wpthemebooster.com/demo/themeforest/html/kleon/assets/img/svg/gift.svg]
[wpthemebooster.com/demo/themeforest/html/kleon/assets/img/svg/folder.svg]
[wpthemebooster.com/demo/themeforest/html/kleon/tables-flex-basic.html]
[wpthemebooster.com/demo/themeforest/html/kleon/tables-flex-customized.html]
[wpthemebooster.com/demo/themeforest/html/kleon/widget-apps.html]
[wpthemebooster.com/demo/themeforest/html/kleon/plugins/apexchart/apexchart-inits/apexcharts-widget-charts.js]
[wpthemebooster.com/demo/themeforest/html/kleon/widget-charts.html]
[wpthemebooster.com/demo/themeforest/html/kleon/plugins/apexchart/apexchart-inits/apexcharts-cards.js]
[wpthemebooster.com/demo/themeforest/html/kleon/widget-cards.html]
[wpthemebooster.com/demo/themeforest/html/kleon/widget-listing.html]
[wpthemebooster.com/demo/themeforest/html/kleon/index-horizontal.html]
[wpthemebooster.com/demo/themeforest/html/kleon/index-combo.html]
[wpthemebooster.com/demo/themeforest/html/kleon/assets/font-icons/bootstrap-icons/font/fonts/bootstrap-iconsd862.woff2]
[wpthemebooster.com/demo/themeforest/html/kleon/assets/font-icons/bootstrap-icons/font/fonts/bootstrap-iconsd862.woff]
[wpthemebooster.com/demo/themeforest/html/kleon/assets/font-icons/bootstrap-icons/font/bootstrap-icons.css]
[wpthemebooster.com/demo/themeforest/html/kleon/plugins/select2/css/select2.min.css]
[wpthemebooster.com/demo/themeforest/html/kleon/plugins/datatables/images/sort_both.png]
[wpthemebooster.com/demo/themeforest/html/kleon/plugins/datatables/images/sort_asc.png]
[wpthemebooster.com/demo/themeforest/html/kleon/plugins/datatables/images/sort_desc.png]
[wpthemebooster.com/demo/themeforest/html/kleon/plugins/datatables/images/sort_asc_disabled.png]
[wpthemebooster.com/demo/themeforest/html/kleon/plugins/datatables/images/sort_desc_disabled.png]
[wpthemebooster.com/demo/themeforest/html/kleon/plugins/datatables/css/jquery.dataTables.min.css]
[wpthemebooster.com/demo/themeforest/html/kleon/plugins/fullcalendar/fullcalendar.css]
[wpthemebooster.com/demo/themeforest/html/kleon/plugins/flatpickr/flatpickr.css]
[wpthemebooster.com/demo/themeforest/html/kleon/plugins/dropzone/dropzone.min.css]
[wpthemebooster.com/demo/themeforest/html/kleon/plugins/dropzone/dropzone_custom.css]
[wpthemebooster.com/demo/themeforest/html/kleon/plugins/jquery_ui/style.css]
[wpthemebooster.com/demo/themeforest/html/kleon/plugins/jquery-jvectormap/jquery-jvectormap-2.0.5.css]
[wpthemebooster.com/demo/themeforest/html/kleon/plugins/kanban/jkanban.css]
[wpthemebooster.com/demo/themeforest/html/kleon/plugins/kanban/jkanban-custom.css]
[wpthemebooster.com/demo/themeforest/html/kleon/plugins/sweetalert/sweetalert2.css]
[wpthemebooster.com/demo/themeforest/html/kleon/plugins/toastr/toastr.css]
[wpthemebooster.com/demo/themeforest/html/kleon/plugins/prism/prism.css]
[wpthemebooster.com/demo/themeforest/html/kleon/assets/img/svg/compass.svg]
[wpthemebooster.com/demo/themeforest/html/kleon/assets/img/logo.svg]
[wpthemebooster.com/demo/themeforest/html/kleon/assets/img/svg/rocket.svg]
[wpthemebooster.com/demo/themeforest/html/kleon/assets/img/svg/check-2.svg]
[wpthemebooster.com/demo/themeforest/html/kleon/assets/img/svg/folder-primary.svg]
[wpthemebooster.com/demo/themeforest/html/kleon/assets/img/svg/folder-info.svg]
[wpthemebooster.com/demo/themeforest/html/kleon/assets/img/svg/cloud-upload.svg]
[wpthemebooster.com/demo/themeforest/html/kleon/assets/img/svg/folder-secondary.svg]
[wpthemebooster.com/demo/themeforest/html/kleon/assets/img/svg/folder-warning.svg]
[wpthemebooster.com/demo/themeforest/html/kleon/assets/img/svg/google-icon.svg]
[wpthemebooster.com/demo/themeforest/html/kleon/assets/img/svg/facebook-icon.svg]
[wpthemebooster.com/demo/themeforest/html/kleon/plugins/jquery_ui/images/ui-icons_444444_256x240.html]
[wpthemebooster.com/demo/themeforest/html/kleon/plugins/jquery_ui/images/ui-icons_555555_256x240.html]
[wpthemebooster.com/demo/themeforest/html/kleon/plugins/jquery_ui/images/ui-icons_ffffff_256x240.html]
[wpthemebooster.com/demo/themeforest/html/kleon/plugins/jquery_ui/images/ui-icons_777620_256x240.html]
[wpthemebooster.com/demo/themeforest/html/kleon/plugins/jquery_ui/images/ui-icons_cc0000_256x240.html]
[wpthemebooster.com/demo/themeforest/html/kleon/plugins/jquery_ui/images/ui-icons_777777_256x240.html]
